// Bun Snapshot v1, https://bun.sh/docs/test/snapshots

exports[`model revision integration creates a model revision from batched entity operations 1`] = `
{
  "element1ds": [
    {
      "endNodeId": "<end-node-id>",
      "id": "<db-id>",
      "materialId": "<material-id>",
      "revisionId": "<revision-id>",
      "sectionProfileId": "<section-profile-id>",
      "startNodeId": "<start-node-id>",
    },
  ],
  "materials": [
    {
      "pressureE": 101,
      "pressureG": 202,
    },
    {
      "pressureE": 505,
      "pressureG": 606,
    },
  ],
  "nodes": [
    "external",
    "external",
  ],
  "sectionProfiles": [
    "Section Created",
    "Section Keep Updated",
  ],
}
`;
